// Jest Snapshot v1, https://goo.gl/fbAQLP

exports[`<EventList /> Should match snapshot, correctly displaying two events 1`] = `
<DocumentFragment>
  <ul
    class="sc-AxhUy gQZmaM"
  >
    <li
      class="sc-AxhCb iDpQiD"
    >
      <div
        class="sc-AxiKw kgbkAL"
      >
        <img
          alt="1-exampleName"
          src="exampleImageUri"
        />
        <h4>
          <b>
            1-exampleName
          </b>
        </h4>
        <span>
          <a
            href="mailto: test@feast.com"
          >
            <svg
              aria-hidden="true"
              class="svg-inline--fa fa-envelope fa-w-16 "
              data-icon="envelope"
              data-prefix="fas"
              focusable="false"
              role="img"
              viewBox="0 0 512 512"
              xmlns="http://www.w3.org/2000/svg"
            >
              <path
                d="M502.3 190.8c3.9-3.1 9.7-.2 9.7 4.7V400c0 26.5-21.5 48-48 48H48c-26.5 0-48-21.5-48-48V195.6c0-5 5.7-7.8 9.7-4.7 22.4 17.4 52.1 39.5 154.1 113.6 21.1 15.4 56.7 47.8 92.2 47.6 35.7.3 72-32.8 92.3-47.6 102-74.1 131.6-96.3 154-113.7zM256 320c23.2.4 56.6-29.2 73.4-41.4 132.7-96.3 142.8-104.7 173.4-128.7 5.8-4.5 9.2-11.5 9.2-18.9v-19c0-26.5-21.5-48-48-48H48C21.5 64 0 85.5 0 112v19c0 7.4 3.4 14.3 9.2 18.9 30.6 23.9 40.7 32.4 173.4 128.7 16.8 12.2 50.2 41.8 73.4 41.4z"
                fill="currentColor"
              />
            </svg>
          </a>
           test@feast.com
        </span>
        <p>
          01213590124
        </p>
      </div>
      <div
        class="sc-AxjAm jfXUMh"
      >
        <p>
          <b>
            Date: 
          </b>
          eventDate
        </p>
        <p>
          <b>
            Budget: 
          </b>
          £500
        </p>
        <p>
          <b>
            Guests: 
          </b>
          1
        </p>
        <p>
          <b>
            Event Type: 
          </b>
          eventType
        </p>
        <p>
          <b>
            Description: 
          </b>
          eventDescription
        </p>
        <p>
          <b>
            Dietary: 
          </b>
          vegetarian
        </p>
        <p>
          <b>
            Location: 
          </b>
          NG1 4GL, Example Avenue
        </p>
      </div>
    </li>
    <li
      class="sc-AxhCb iDpQiD"
    >
      <div
        class="sc-AxiKw kgbkAL"
      >
        <img
          alt="2-exampleName"
          src="exampleImageUri"
        />
        <h4>
          <b>
            2-exampleName
          </b>
        </h4>
        <span>
          <a
            href="mailto: test@feast.com"
          >
            <svg
              aria-hidden="true"
              class="svg-inline--fa fa-envelope fa-w-16 "
              data-icon="envelope"
              data-prefix="fas"
              focusable="false"
              role="img"
              viewBox="0 0 512 512"
              xmlns="http://www.w3.org/2000/svg"
            >
              <path
                d="M502.3 190.8c3.9-3.1 9.7-.2 9.7 4.7V400c0 26.5-21.5 48-48 48H48c-26.5 0-48-21.5-48-48V195.6c0-5 5.7-7.8 9.7-4.7 22.4 17.4 52.1 39.5 154.1 113.6 21.1 15.4 56.7 47.8 92.2 47.6 35.7.3 72-32.8 92.3-47.6 102-74.1 131.6-96.3 154-113.7zM256 320c23.2.4 56.6-29.2 73.4-41.4 132.7-96.3 142.8-104.7 173.4-128.7 5.8-4.5 9.2-11.5 9.2-18.9v-19c0-26.5-21.5-48-48-48H48C21.5 64 0 85.5 0 112v19c0 7.4 3.4 14.3 9.2 18.9 30.6 23.9 40.7 32.4 173.4 128.7 16.8 12.2 50.2 41.8 73.4 41.4z"
                fill="currentColor"
              />
            </svg>
          </a>
           test@feast.com
        </span>
        <p>
          01213590124
        </p>
      </div>
      <div
        class="sc-AxjAm jfXUMh"
      >
        <p>
          <b>
            Date: 
          </b>
          eventDate
        </p>
        <p>
          <b>
            Budget: 
          </b>
          £500
        </p>
        <p>
          <b>
            Guests: 
          </b>
          1
        </p>
        <p>
          <b>
            Event Type: 
          </b>
          eventType
        </p>
        <p>
          <b>
            Description: 
          </b>
          eventDescription
        </p>
        <p>
          <b>
            Dietary: 
          </b>
          vegetarian
        </p>
        <p>
          <b>
            Location: 
          </b>
          NG1 4GL, Example Avenue
        </p>
      </div>
    </li>
  </ul>
</DocumentFragment>
`;
